Intel-8051 Macro Assembler - Version 1.00

      1    0000                                   ORG     0000H
      2    0000     90 00 35              START:  MOV     DPTR,   #TABLE
      3    0003     7B 02                         MOV     R3,     #2
      4    0005                           
      5    0005     7A 0A                 LOOP:   MOV     R2,     #10
      6    0007     11 17                 SCAN:   ACALL   SCAN1
      7    0009     DA FC                         DJNZ    R2,     SCAN
      8    000B                           
      9    000B     A3                            INC     DPTR
     10    000C     A3                            INC     DPTR
     11    000D     A3                            INC     DPTR
     12    000E     A3                            INC     DPTR
     13    000F     A3                            INC     DPTR
     14    0010     A3                            INC     DPTR
     15    0011     A3                            INC     DPTR
     16    0012     A3                            INC     DPTR
     17    0013                           
     18    0013     DB F0                         DJNZ    R3,     LOOP
     19    0015     01 00                         AJMP    START
     20    0017                           
     21    0017     79 00                 SCAN1:  MOV     R1,     #00H
     22    0019     7D FE                         MOV     R5,     #11111110B
     23    001B     7C 08                         MOV     R4,     #08
     24    001D                           
     25    001D     E9                    LOOP1:  MOV     A,      R1
     26    001E     93                            MOVC    A,      @A+DPTR
     27    001F     F5 90                         MOV     P1,     A
     28    0021     8D 80                         MOV     P0,     R5
     29    0023     7E 08                         MOV     R6,     #8
     30    0025                           
     31    0025     7F C8                 DL1:    MOV     R7,     #200
     32    0027     DF FE                 DL2:    DJNZ    R7,     DL2
     33    0029     DE FA                         DJNZ    R6,     DL1
     34    002B     43 80 00                      ORL     P0,     #00000000B
     35    002E                           
     36    002E     ED                            MOV     A,      R5
     37    002F     23                            RL      A
     38    0030     FD                            MOV     R5,     A
     39    0031     09                            INC     R1
     40    0032     DC E9                         DJNZ    R4,     LOOP1
     41    0034     22                            RET
     42    0035                           
     43    0035     9F                    TABLE:  DB      10011111B
     44    0036     9F                            DB      10011111B
     45    0037     CF                            DB      11001111B
     46    0038     87                            DB      10000111B
     47    0039     E7                            DB      11100111B
     48    003A     CB                            DB      11001011B
     49    003B     DD                            DB      11011101B
     50    003C     99                            DB      10011001B
     51    003D                           
     52    003D                           ;2
     53    003D     9F                            DB      10011111B
     54    003E     9F                            DB      10011111B
     55    003F     CF                            DB      11001111B
     56    0040     83                            DB      10000011B
     57    0041     A5                            DB      10100101B
     58    0042     CB                            DB      11001011B
     59    0043     9D                            DB      10011101B
     60    0044     BD                            DB      10111101B
     61    0045                           
     62    0045                           ;3
     63    0045     9F                            DB      10011111B
     64    0046     9F                            DB      10011111B
     65    0047     CF                            DB      11001111B
     66    0048     83                            DB      10000011B
     67    0049     4D                            DB      01001101B
     68    004A     E7                            DB      11100111B
     69    004B     99                            DB      10011001B
     70    004C     FD                            DB      11111101B
     71    004D                           
     72    004D                           ;4
     73    004D     3F                            DB      00111111B
     74    004E     3F                            DB      00111111B
     75    004F     87                            DB      10000111B
     76    0050     9D                            DB      10011101B
     77    0051     4F                            DB      01001111B
     78    0052     D7                            DB      11010111B
     79    0053     39                            DB      00111001B
     80    0054     FD                            DB      11111101B
     81    0055                           
     82    0055                           ;5
     83    0055     3F                            DB      00111111B
     84    0056     3F                            DB      00111111B
     85    0057     9F                            DB      10011111B
     86    0058     87                            DB      10000111B
     87    0059     4B                            DB      01001011B
     88    005A     C5                            DB      11000101B
     89    005B     D9                            DB      11011001B
     90    005C     1D                            DB      00011101B
     91    005D                           
     92    005D                           ;6
     93    005D     3F                            DB      00111111B
     94    005E     3F                            DB      00111111B
     95    005F     9F                            DB      10011111B
     96    0060     87                            DB      10000111B
     97    0061     4B                            DB      01001011B
     98    0062     CD                            DB      11001101B
     99    0063     B3                            DB      10110011B
    100    0064     3B                            DB      00111011B
    101    0065                           
    102    0065                           ;7
    103    0065     3F                            DB      00111111B
    104    0066     3F                            DB      00111111B
    105    0067     9F                            DB      10011111B
    106    0068     87                            DB      10000111B
    107    0069     8B                            DB      10001011B
    108    006A     CF                            DB      11001111B
    109    006B     A7                            DB      10100111B
    110    006C     D7                            DB      11010111B
    111    006D                           
    112    006D                           ;8 
    113    006D     9F                            DB      10011111B
    114    006E     9F                            DB      10011111B
    115    006F     CF                            DB      11001111B
    116    0070     C7                            DB      11000111B
    117    0071     E7                            DB      11100111B
    118    0072     EB                            DB      11101011B
    119    0073     E3                            DB      11100011B
    120    0074     FB                            DB      11111011B
