Intel-8051 Macro Assembler - Version 1.00

      1    0000                                   ORG     0000H
      2    0000     01 57                         AJMP    MAIN
      3    0002                           
      4    0023                                   ORG     0023H
      5    0023     30 98 2E                      JNB     RI,     NON
      6    0026     C2 98                         CLR     RI
      7    0028     E5 99                 RECEV:  MOV     A,      SBUF
      8    002A     30 E0 0B                      JNB     ACC.0,   CASE5
      9    002D     30 E1 0F                      JNB     ACC.1,   CASE6
     10    0030     30 E2 13                      JNB     ACC.2,   CASE7
     11    0033     30 E3 17                      JNB     ACC.3,   CASE8
     12    0036     01 56                         AJMP    OK
     13    0038     C2 90                 CASE5:  CLR     P1.0
     14    003A     85 80 99                      MOV     SBUF,   P0
     15    003D     01 56                         AJMP    OK
     16    003F     C2 90                 CASE6:  CLR     P1.0
     17    0041     85 80 99                      MOV     SBUF,   P0
     18    0044     01 56                         AJMP    OK
     19    0046     C2 91                 CASE7:  CLR     P1.1
     20    0048     85 80 99                      MOV     SBUF,   P0
     21    004B     01 56                         AJMP    OK
     22    004D     C2 91                 CASE8:  CLR     P1.1
     23    004F     85 80 99                      MOV     SBUF,   P0
     24    0052     01 56                         AJMP    OK
     25    0054     C2 99                 NON:    CLR,    TI
     26    0056     32                    OK:     RETI
     27    0057                           
     28    0057                           
     29    0057     75 89 70              MAIN:   MOV     TMOD,   #01110000B
     30    005A     C2 98                         CLR     RI
     31    005C     C2 99                         CLR     TI
     32    005E     D2 AC                         SETB    ES
     33    0060     D2 AF                         SETB    EA
     34    0062                           
     35    0062     30 A0 0B              LOOP:   JNB     p2.0,   CASE1
     36    0065     30 A1 0C                      JNB     p2.1,   CASE2
     37    0068     30 A2 0D                      JNB     p2.2,   CASE3
     38    006B     30 A3 0E                      JNB     p2.3,   CASE4
     39    006E     01 62                         AJMP    LOOP
     40    0070                           
     41    0070     C2 90                 CASE1:  CLR     P1.0
     42    0072     01 7E                         AJMP    TRANS
     43    0074     C2 90                 CASE2:  CLR     P1.0
     44    0076     01 7E                         AJMP    TRANS
     45    0078     C2 91                 CASE3:  CLR     P1.1
     46    007A     01 7E                         AJMP    TRANS
     47    007C     D2 91                 CASE4:  SETB    P1.1
     48    007E                           
     49    007E     85 80 99              TRANS:  MOV     SBUF,   P0
     50    0081     12 00 8B              WAIT:   CALL    DELAY
     51    0084     E5 90                         MOV     A,  P1
     52    0086     B4 FF F8                      CJNE    A,  #11111111B, WAIT
     53    0089     01 62                         AJMP    LOOP
     54    008B     7E FA                 DELAY:  MOV     R6,     #250
     55    008D     7F C8                 DL1:    MOV     R7,     #200
     56    008F     DF FE                 DL2:    DJNZ    R7,     DL2
     57    0091     DE FA                         DJNZ    R6,     DL1
     58    0093     22                            RET
