Intel-8051 Macro Assembler - Version 1.00

      1    0000                           	ORG	0000H
      2    0000     78 35                 START:	MOV	R0,#OK-TABLE+1
      3    0002     90 00 1F              		MOV	DPTR,#TABLE
      4    0005     79 00                 		MOV	R1,#00H
      5    0007                           
      6    0007     E9                    LOOP:	MOV	A,R1
      7    0008     93                    		MOVC	A,@A+DPTR
      8    0009     F5 80                 		MOV	P0,A
      9    000B     11 12                 		ACALL	DELAY
     10    000D     09                    		INC	R1
     11    000E     D8 F7                 		DJNZ	R0,LOOP
     12    0010     01 00                 		AJMP	START
     13    0012                           
     14    0012     7D 01                 DELAY:	MOV	R5,#1
     15    0014     7E FA                 DL1:	MOV	R6,#250
     16    0016     7F C8                 DL2:	MOV	R7,#200
     17    0018     DF FE                 DL3:	DJNZ	R7,DL3
     18    001A     DE FA                 		DJNZ	R6,DL2
     19    001C     DD F6                 		DJNZ	R5,DL1
     20    001E     22                    		RET
     21    001F                           
     22    001F                           
     23    001F     84                    TABLE:	DB	10000100B
     24    0020     84                    		DB	10000100B
     25    0021     84                    		DB	10000100B
     26    0022     84                    		DB	10000100B
     27    0023     84                    		DB	10000100B
     28    0024     84                    		DB	10000100B
     29    0025     84                    		DB	10000100B
     30    0026     84                    		DB	10000100B
     31    0027     84                    		DB	10000100B
     32    0028     84                    		DB	10000100B
     33    0029     84                    		DB	10000100B
     34    002A     84                    		DB	10000100B
     35    002B     84                    		DB	10000100B
     36    002C     84                    		DB	10000100B
     37    002D     84                    		DB	10000100B
     38    002E     84                    		DB	10000100B
     39    002F     84                    		DB	10000100B
     40    0030     84                    		DB	10000100B
     41    0031     84                    		DB	10000100B
     42    0032     84                    		DB	10000100B
     43    0033                           
     44    0033     88                    		DB	10001000B
     45    0034     80                    		DB	10000000B
     46    0035     88                    		DB	10001000B
     47    0036     80                    		DB	10000000B
     48    0037     88                    		DB	10001000B
     49    0038     80                    		DB	10000000B
     50    0039                           
     51    0039     30                    		DB	00110000B
     52    003A     30                    		DB	00110000B
     53    003B     30                    		DB	00110000B
     54    003C     30                    		DB	00110000B
     55    003D     30                    		DB	00110000B
     56    003E     30                    		DB	00110000B
     57    003F     30                    		DB	00110000B
     58    0040     30                    		DB	00110000B
     59    0041     30                    		DB	00110000B
     60    0042     30                    		DB	00110000B
     61    0043     30                    		DB	00110000B
     62    0044     30                    		DB	00110000B
     63    0045     30                    		DB	00110000B
     64    0046     30                    		DB	00110000B
     65    0047     30                    		DB	00110000B
     66    0048     30                    		DB	00110000B
     67    0049     30                    		DB	00110000B
     68    004A     30                    		DB	00110000B
     69    004B     30                    		DB	00110000B
     70    004C     30                    		DB	00110000B
     71    004D                           
     72    004D     50                    		DB	01010000B
     73    004E     10                    		DB	00010000B
     74    004F     50                    		DB	01010000B
     75    0050     10                    		DB	00010000B
     76    0051     50                    		DB	01010000B
     77    0052     10                    		DB	00010000B
     78    0053                           
     79    0053     00                    OK:	DB	00000000B
     80    0054                           
     81    0054                           	END
